STARTING_NON_TERMINAL=$S$
$B$ = { "b" }
$X$ = { "b" }
$A$ = { "a" }
$B$ = { "b" $B'$ }
$B'$ = { "b" $B$ $B'$ }
$B'$ = { "b" $B'$ $B$ $B'$ }
$B'$ = { "b" $B$ }
$B'$ = { "b" $B'$ $B$ }
$B'$ = { "b" $A$ $B$ $B$ $B'$ }
$B'$ = { "b" $A$ $B$ $B'$ $B$ $B'$ }
$B'$ = { "b" $A$ $B$ $B$ }
$B'$ = { "b" $A$ $B$ $B'$ $B$ }
$S$ = { "b" $B$ }
$S$ = { "b" $B'$ $B$ }
$S$ = { "b" $A$ }
$S$ = { "b" $A$ $B$ $B$ }
$S$ = { "b" $A$ $B$ $B'$ $B$ }
$B$ = { "b" $A$ $B$ }
$B$ = { "b" $A$ $B$ $B'$ }

