STARTING_NON_TERMINAL=$START$
$START$ = { EPS }
$S$ = { "(" $)'$ }
$S$ = { "(" $)'$ $S$ }
$S$ = { "(" $S$ $)'$ }
$S$ = { "(" $S$ $)'$ $S$ }
$START$ = { "(" $)'$ }
$START$ = { "(" $)'$ $S$ }
$START$ = { "(" $S$ $)'$ }
$START$ = { "(" $S$ $)'$ $S$ }
$)'$ = { ")" }

