LexToken(START,'S',1,0)
LexToken(NON_TERMINAL,'B',2,27)
LexToken(EQUAL,'=',2,31)
LexToken(LBR,'{',2,33)
LexToken(TERMINAL,'b',2,35)
LexToken(RBR,'}',2,39)
LexToken(NON_TERMINAL,'X',3,42)
LexToken(EQUAL,'=',3,46)
LexToken(LBR,'{',3,48)
LexToken(TERMINAL,'b',3,50)
LexToken(RBR,'}',3,54)
LexToken(NON_TERMINAL,'A',4,57)
LexToken(EQUAL,'=',4,61)
LexToken(LBR,'{',4,63)
LexToken(TERMINAL,'a',4,65)
LexToken(RBR,'}',4,69)
LexToken(NON_TERMINAL,'B',5,72)
LexToken(EQUAL,'=',5,76)
LexToken(LBR,'{',5,78)
LexToken(TERMINAL,'b',5,80)
LexToken(NON_TERMINAL,"B'",5,84)
LexToken(RBR,'}',5,89)
LexToken(NON_TERMINAL,"B'",6,92)
LexToken(EQUAL,'=',6,97)
LexToken(LBR,'{',6,99)
LexToken(TERMINAL,'b',6,101)
LexToken(NON_TERMINAL,'B',6,105)
LexToken(NON_TERMINAL,"B'",6,109)
LexToken(RBR,'}',6,114)
LexToken(NON_TERMINAL,"B'",7,117)
LexToken(EQUAL,'=',7,122)
LexToken(LBR,'{',7,124)
LexToken(TERMINAL,'b',7,126)
LexToken(NON_TERMINAL,"B'",7,130)
LexToken(NON_TERMINAL,'B',7,135)
LexToken(NON_TERMINAL,"B'",7,139)
LexToken(RBR,'}',7,144)
LexToken(NON_TERMINAL,"B'",8,147)
LexToken(EQUAL,'=',8,152)
LexToken(LBR,'{',8,154)
LexToken(TERMINAL,'b',8,156)
LexToken(NON_TERMINAL,'B',8,160)
LexToken(RBR,'}',8,164)
LexToken(NON_TERMINAL,"B'",9,167)
LexToken(EQUAL,'=',9,172)
LexToken(LBR,'{',9,174)
LexToken(TERMINAL,'b',9,176)
LexToken(NON_TERMINAL,"B'",9,180)
LexToken(NON_TERMINAL,'B',9,185)
LexToken(RBR,'}',9,189)
LexToken(NON_TERMINAL,"B'",10,192)
LexToken(EQUAL,'=',10,197)
LexToken(LBR,'{',10,199)
LexToken(TERMINAL,'b',10,201)
LexToken(NON_TERMINAL,'A',10,205)
LexToken(NON_TERMINAL,'B',10,209)
LexToken(NON_TERMINAL,'B',10,213)
LexToken(NON_TERMINAL,"B'",10,217)
LexToken(RBR,'}',10,222)
LexToken(NON_TERMINAL,"B'",11,225)
LexToken(EQUAL,'=',11,230)
LexToken(LBR,'{',11,232)
LexToken(TERMINAL,'b',11,234)
LexToken(NON_TERMINAL,'A',11,238)
LexToken(NON_TERMINAL,'B',11,242)
LexToken(NON_TERMINAL,"B'",11,246)
LexToken(NON_TERMINAL,'B',11,251)
LexToken(NON_TERMINAL,"B'",11,255)
LexToken(RBR,'}',11,260)
LexToken(NON_TERMINAL,"B'",12,263)
LexToken(EQUAL,'=',12,268)
LexToken(LBR,'{',12,270)
LexToken(TERMINAL,'b',12,272)
LexToken(NON_TERMINAL,'A',12,276)
LexToken(NON_TERMINAL,'B',12,280)
LexToken(NON_TERMINAL,'B',12,284)
LexToken(RBR,'}',12,288)
LexToken(NON_TERMINAL,"B'",13,291)
LexToken(EQUAL,'=',13,296)
LexToken(LBR,'{',13,298)
LexToken(TERMINAL,'b',13,300)
LexToken(NON_TERMINAL,'A',13,304)
LexToken(NON_TERMINAL,'B',13,308)
LexToken(NON_TERMINAL,"B'",13,312)
LexToken(NON_TERMINAL,'B',13,317)
LexToken(RBR,'}',13,321)
LexToken(NON_TERMINAL,'S',14,324)
LexToken(EQUAL,'=',14,328)
LexToken(LBR,'{',14,330)
LexToken(TERMINAL,'b',14,332)
LexToken(NON_TERMINAL,'B',14,336)
LexToken(RBR,'}',14,340)
LexToken(NON_TERMINAL,'S',15,343)
LexToken(EQUAL,'=',15,347)
LexToken(LBR,'{',15,349)
LexToken(TERMINAL,'b',15,351)
LexToken(NON_TERMINAL,"B'",15,355)
LexToken(NON_TERMINAL,'B',15,360)
LexToken(RBR,'}',15,364)
LexToken(NON_TERMINAL,'S',16,367)
LexToken(EQUAL,'=',16,371)
LexToken(LBR,'{',16,373)
LexToken(TERMINAL,'b',16,375)
LexToken(NON_TERMINAL,'A',16,379)
LexToken(RBR,'}',16,383)
LexToken(NON_TERMINAL,'S',17,386)
LexToken(EQUAL,'=',17,390)
LexToken(LBR,'{',17,392)
LexToken(TERMINAL,'b',17,394)
LexToken(NON_TERMINAL,'A',17,398)
LexToken(NON_TERMINAL,'B',17,402)
LexToken(NON_TERMINAL,'B',17,406)
LexToken(RBR,'}',17,410)
LexToken(NON_TERMINAL,'S',18,413)
LexToken(EQUAL,'=',18,417)
LexToken(LBR,'{',18,419)
LexToken(TERMINAL,'b',18,421)
LexToken(NON_TERMINAL,'A',18,425)
LexToken(NON_TERMINAL,'B',18,429)
LexToken(NON_TERMINAL,"B'",18,433)
LexToken(NON_TERMINAL,'B',18,438)
LexToken(RBR,'}',18,442)
LexToken(NON_TERMINAL,'B',19,445)
LexToken(EQUAL,'=',19,449)
LexToken(LBR,'{',19,451)
LexToken(TERMINAL,'b',19,453)
LexToken(NON_TERMINAL,'A',19,457)
LexToken(NON_TERMINAL,'B',19,461)
LexToken(RBR,'}',19,465)
LexToken(NON_TERMINAL,'B',20,468)
LexToken(EQUAL,'=',20,472)
LexToken(LBR,'{',20,474)
LexToken(TERMINAL,'b',20,476)
LexToken(NON_TERMINAL,'A',20,480)
LexToken(NON_TERMINAL,'B',20,484)
LexToken(NON_TERMINAL,"B'",20,488)
LexToken(RBR,'}',20,493)
