LexToken(START,'S',1,0)
LexToken(NON_TERMINAL,'S',2,27)
LexToken(EQUAL,'=',2,31)
LexToken(LBR,'{',2,33)
LexToken(TERMINAL,'1',2,35)
LexToken(NON_TERMINAL,'S',2,39)
LexToken(RBR,'}',2,43)
LexToken(NON_TERMINAL,'S',3,46)
LexToken(EQUAL,'=',3,50)
LexToken(LBR,'{',3,52)
LexToken(NON_TERMINAL,'T',3,54)
LexToken(RBR,'}',3,58)
LexToken(NON_TERMINAL,'T',4,61)
LexToken(EQUAL,'=',4,65)
LexToken(LBR,'{',4,67)
LexToken(TERMINAL,'0',4,69)
LexToken(NON_TERMINAL,'T',4,73)
LexToken(RBR,'}',4,77)
LexToken(NON_TERMINAL,'T',5,80)
LexToken(EQUAL,'=',5,84)
LexToken(LBR,'{',5,86)
LexToken(EMPTY,'EPS',5,88)
LexToken(RBR,'}',5,92)
