LexToken(START,'S',1,0)
LexToken(NON_TERMINAL,'S',2,27)
LexToken(EQUAL,'=',2,31)
LexToken(LBR,'{',2,33)
LexToken(NON_TERMINAL,'S',2,35)
LexToken(TERMINAL,'(',2,39)
LexToken(NON_TERMINAL,'S',2,43)
LexToken(TERMINAL,')',2,47)
LexToken(RBR,'}',2,51)
LexToken(NON_TERMINAL,'S',3,54)
LexToken(EQUAL,'=',3,58)
LexToken(LBR,'{',3,60)
LexToken(EMPTY,'EPS',3,62)
LexToken(RBR,'}',3,66)
